// Jest Snapshot v1, https://goo.gl/fbAQLP

exports[`should render ExpenseListItem 1`] = `
<div>
  <ul>
    <Link
      replace={false}
      to="/edit/1"
    >
      <li>
        description: 
        gum
      </li>
    </Link>
    <li>
      amount: 
      $1.95
    </li>
    <li>
      created at(milliseconds from 1/1/1970): 
      January 1st, 1970
    </li>
  </ul>
</div>
`;
